Warning: Building for device with codesigning disabled. You will have to manually codesign before deploying to device.
Building com.example.life-progex for device (ios-release)...
Running Xcode build...                                          
Xcode build done.                                           15.7s
Failed to build iOS app
Error output from Xcode build:
↳
    ** BUILD FAILED **


Xcode's output:
↳
    Writing result bundle at path:
    	/var/folders/wd/lq46x1f513q3d828dbfky_km0000gn/T/flutter_tools.GRBzPk/flutter_ios_build_temp_dirOYpect/temporary_xcresult_bundle

    lib/landing_screen.dart:77:22: Error: The method 'HealthService' isn't defined for the type '_LandingScreenState'.
     - '_LandingScreenState' is from 'package:life_progex/landing_screen.dart' ('lib/landing_screen.dart').
    Try correcting the name to the name of an existing method, or defining a method named 'HealthService'.
          final health = HealthService();
                         ^^^^^^^^^^^^^
    lib/landing_screen.dart:1287:20: Error: The getter 'tasks' isn't defined for the type '_LandingScreenState'.
     - '_LandingScreenState' is from 'package:life_progex/landing_screen.dart' ('lib/landing_screen.dart').
    Try correcting the name to the name of an existing getter, or defining a getter or field named 'tasks'.
              value: '$tasks',
                       ^^^^^
    lib/landing_screen.dart:1289:22: Error: The getter 'tasks' isn't defined for the type '_LandingScreenState'.
     - '_LandingScreenState' is from 'package:life_progex/landing_screen.dart' ('lib/landing_screen.dart').
    Try correcting the name to the name of an existing getter, or defining a getter or field named 'tasks'.
              progress: (tasks / 5).clamp(0.0, 1.0),
                         ^^^^^
    lib/landing_screen.dart:1337:18: Error: The getter 'tasks' isn't defined for the type '_LandingScreenState'.
     - '_LandingScreenState' is from 'package:life_progex/landing_screen.dart' ('lib/landing_screen.dart').
    Try correcting the name to the name of an existing getter, or defining a getter or field named 'tasks'.
              value: tasks > 0 ? 'Peak' : 'Start',
                     ^^^^^
    lib/landing_screen.dart:1339:21: Error: The getter 'tasks' isn't defined for the type '_LandingScreenState'.
     - '_LandingScreenState' is from 'package:life_progex/landing_screen.dart' ('lib/landing_screen.dart').
    Try correcting the name to the name of an existing getter, or defining a getter or field named 'tasks'.
              progress: tasks > 0 ? 1.0 : 0.0,
                        ^^^^^
    lib/screens/all_categories_screen.dart:34:22: Error: The method 'HealthService' isn't defined for the type '_AllCategoriesScreenState'.
     - '_AllCategoriesScreenState' is from 'package:life_progex/screens/all_categories_screen.dart' ('lib/screens/all_categories_screen.dart').
    Try correcting the name to the name of an existing method, or defining a method named 'HealthService'.
          final health = HealthService();
                         ^^^^^^^^^^^^^
    Target kernel_snapshot_program failed: Exception
    Failed to package /Users/nagasai/LifeProgreX.
    Command PhaseScriptExecution failed with a nonzero exit code
    warning: Run script build phase 'Create Symlinks to Header Folders' will be run during every build because it does not specify any outputs. To address this issue, either add output dependencies to the script phase, or configure it to run in every build by unchecking "Based on dependency analysis" in the script phase. (in target 'abseil' from project 'Pods')
    warning: Run script build phase 'Create Symlinks to Header Folders' will be run during every build because it does not specify any outputs. To address this issue, either add output dependencies to the script phase, or configure it to run in every build by unchecking "Based on dependency analysis" in the script phase. (in target 'BoringSSL-GRPC' from project 'Pods')
    warning: Run script build phase 'Create Symlinks to Header Folders' will be run during every build because it does not specify any outputs. To address this issue, either add output dependencies to the script phase, or configure it to run in every build by unchecking "Based on dependency analysis" in the script phase. (in target 'gRPC-Core' from project 'Pods')
    warning: Run script build phase 'Create Symlinks to Header Folders' will be run during every build because it does not specify any outputs. To address this issue, either add output dependencies to the script phase, or configure it to run in every build by unchecking "Based on dependency analysis" in the script phase. (in target 'gRPC-C++' from project 'Pods')
    note: Run script build phase 'Run Script' will be run during every build because the option to run the script phase "Based on dependency analysis" is unchecked. (in target 'Runner' from project 'Runner')
    note: Run script build phase 'Thin Binary' will be run during every build because the option to run the script phase "Based on dependency analysis" is unchecked. (in target 'Runner' from project 'Runner')

Encountered error while building for device.
